
> nabiz-app@0.1.0 start
> next start -p 3003

▲ Next.js 16.3.1
- Local:         http://localhost:3003
- Network:       http://31.57.33.11:3003
✓ Ready in 547ms
✓ Running next.config.ts took 167ms
Terminate batch job (Y/N)? 
> nabiz-app@0.1.0 start
> next start -p 3003

▲ Next.js 16.3.1
- Local:         http://localhost:3003
- Network:       http://31.57.33.11:3003
✓ Ready in 397ms
✓ Running next.config.ts took 93ms
Terminate batch job (Y/N)? 
> nabiz-app@0.1.0 start
> next start -p 3003

▲ Next.js 16.3.1
- Local:         http://localhost:3003
- Network:       http://31.57.33.11:3003
✓ Ready in 493ms
✓ Running next.config.ts took 90ms
Terminate batch job (Y/N)? 
> nabiz-app@0.1.0 start
> next start -p 3003

▲ Next.js 16.3.1
- Local:         http://localhost:3003
- Network:       http://31.57.33.11:3003
✓ Ready in 392ms
✓ Running next.config.ts took 75ms
Terminate batch job (Y/N)? 
> nabiz-app@0.1.0 start
> next start -p 3003

▲ Next.js 16.3.1
- Local:         http://localhost:3003
- Network:       http://31.57.33.11:3003
✓ Ready in 428ms
✓ Running next.config.ts took 75ms
Terminate batch job (Y/N)? 
> nabiz-app@0.1.0 start
> next start -p 3003

▲ Next.js 16.3.1
- Local:         http://localhost:3003
- Network:       http://31.57.33.11:3003
✓ Ready in 395ms
✓ Running next.config.ts took 87ms
Terminate batch job (Y/N)? 
> nabiz-app@0.1.0 start
> next start -p 3003

▲ Next.js 16.3.1
- Local:         http://localhost:3003
- Network:       http://31.57.33.11:3003
✓ Ready in 388ms
✓ Running next.config.ts took 74ms
Terminate batch job (Y/N)? 
> nabiz-app@0.1.0 start
> next start -p 3003

▲ Next.js 16.3.1
- Local:         http://localhost:3003
- Network:       http://31.57.33.11:3003
✓ Ready in 446ms
✓ Running next.config.ts took 111ms
Terminate batch job (Y/N)? 
> nabiz-app@0.1.0 start
> next start -p 3003

▲ Next.js 16.3.1
- Local:         http://localhost:3003
- Network:       http://31.57.33.11:3003
✓ Ready in 388ms
✓ Running next.config.ts took 90ms
Terminate batch job (Y/N)? 
> nabiz-app@0.1.0 start
> next start -p 3003

▲ Next.js 16.3.1
- Local:         http://localhost:3003
- Network:       http://31.57.33.11:3003
✓ Ready in 399ms
✓ Running next.config.ts took 80ms
Terminate batch job (Y/N)? 
> nabiz-app@0.1.0 start
> next start -p 3003

▲ Next.js 16.3.1
- Local:         http://localhost:3003
- Network:       http://31.57.33.11:3003
✓ Ready in 402ms
✓ Running next.config.ts took 85ms
Terminate batch job (Y/N)? 
> nabiz-app@0.1.0 start
> next start -p 3003

▲ Next.js 16.3.1
- Local:         http://localhost:3003
- Network:       http://31.57.33.11:3003
✓ Ready in 378ms
✓ Running next.config.ts took 86ms
Terminate batch job (Y/N)? 
> nabiz-app@0.1.0 start
> next start -p 3003

▲ Next.js 16.3.1
- Local:         http://localhost:3003
- Network:       http://31.57.33.11:3003
✓ Ready in 401ms
✓ Running next.config.ts took 102ms
Terminate batch job (Y/N)? 
> nabiz-app@0.1.0 start
> next start -p 3003

▲ Next.js 16.3.1
- Local:         http://localhost:3003
- Network:       http://31.57.33.11:3003
✓ Ready in 550ms
✓ Running next.config.ts took 87ms
Terminate batch job (Y/N)? 
> nabiz-app@0.1.0 start
> next start -p 3003

▲ Next.js 16.3.1
- Local:         http://localhost:3003
- Network:       http://31.57.33.11:3003
✓ Ready in 1799ms
✓ Running next.config.ts took 174ms
Terminate batch job (Y/N)? 
> nabiz-app@0.1.0 start
> next start -p 3003

▲ Next.js 16.3.1
- Local:         http://localhost:3003
- Network:       http://31.57.33.11:3003
✓ Ready in 512ms
✓ Running next.config.ts took 105ms
Terminate batch job (Y/N)? 
> nabiz-app@0.1.0 start
> next start -p 3003

▲ Next.js 16.3.1
- Local:         http://localhost:3003
- Network:       http://31.57.33.11:3003
✓ Ready in 475ms
✓ Running next.config.ts took 104ms
Terminate batch job (Y/N)? 